net.sourceforge.czt.specreader.DupSectionNameException: Multiple sections with same name dupsections in /lib/dupsections.tex and /lib/dupsections.tex