net.sourceforge.czt.specreader.CyclicSectionsException: Sections are parents of each other: rec1 rec2