net.sourceforge.czt.specreader.SectionNotFoundException: Cannot find section nothere