net.sourceforge.czt.specreader.IllegalAnonSectionException: Formal text should not precede named section in /lib/anonsection.tex