net.sourceforge.czt.specreader.DupSectionNameException: Multiple sections with same name dupsections in dupsections.tex and dupsections.tex